../Core/Src/lcd.c:81:6:LCD_WR_REG	16	static
../Core/Src/lcd.c:88:6:LCD_WR_DATA	16	static
../Core/Src/lcd.c:95:5:LCD_RD_DATA	16	static
../Core/Src/lcd.c:104:6:LCD_WriteReg	16	static
../Core/Src/lcd.c:112:5:LCD_ReadReg	16	static
../Core/Src/lcd.c:119:6:LCD_WriteRAM_Prepare	4	static
../Core/Src/lcd.c:125:6:LCD_WriteRAM	16	static
../Core/Src/lcd.c:133:5:LCD_BGR2RGB	24	static
../Core/Src/lcd.c:144:6:opt_delay	16	static
../Core/Src/lcd.c:151:5:LCD_ReadPoint	24	static
../Core/Src/lcd.c:175:6:LCD_DisplayOn	8	static
../Core/Src/lcd.c:182:6:LCD_DisplayOff	8	static
../Core/Src/lcd.c:191:6:LCD_SetCursor	16	static
../Core/Src/lcd.c:232:6:LCD_Scan_Dir	32	static
../Core/Src/lcd.c:375:6:LCD_DrawPoint	16	static
../Core/Src/lcd.c:384:6:LCD_Fast_DrawPoint	16	static
../Core/Src/lcd.c:422:6:LCD_Display_Dir	16	static
../Core/Src/lcd.c:497:6:LCD_Set_Window	40	static
../Core/Src/lcd.c:554:6:LCD_Init	16	static
../Core/Src/lcd.c:2587:6:LCD_Clear	24	static
../Core/Src/lcd.c:2611:6:LCD_Fill	40	static
../Core/Src/lcd.c:2644:6:LCD_Color_Fill	32	static
../Core/Src/lcd.c:2660:6:LCD_DrawLine	64	static
../Core/Src/lcd.c:2697:6:LCD_DrawRectangle	32	static
../Core/Src/lcd.c:2710:6:LCD_Draw_Circle	32	static
../Core/Src/lcd.c:2741:6:LCD_ShowChar	32	static
../Core/Src/lcd.c:2774:5:LCD_Pow	24	static
../Core/Src/lcd.c:2786:6:LCD_ShowNum	48	static
../Core/Src/lcd.c:2814:6:LCD_ShowxNum	48	static
../Core/Src/lcd.c:2839:6:LCD_ShowString	40	static
../Core/Src/lcd.c:2855:6:LCD_FillRect	32	static
../Core/Src/lcd.c:2881:6:lcddelay	24	static
../Core/Src/lcd.c:2889:6:rotating_mysquare	80	static
../Core/Src/lcd.c:2941:6:rotating_mytriangle	72	static
../Core/Src/lcd.c:2983:6:grow_mytree	72	static
